| Startfile from command line: tddft_rpa.in


|       ***********************************************************
|       *                 TeraChem v1.9-2025.05-dev               *
|       *                   Development Version                   *
|       *           Chemistry at the Speed of Graphics!           *
|       ***********************************************************
|       * This program may only be used in connection with        *
|       * a valid license from PetaChem, LLC. Use of this program *
|       * or results thereof indicates acceptance of all terms    *
|       * and conditions stated in the license and that a valid   *
|       * license agreement between the user and PetaChem, LLC    *
|       * exists. PetaChem, LLC does not warrant the correctness  *
|       * of results or their suitability for any purpose.        *
|       * Please email bugs, suggestions, and comments to         *
|       *                  help@petachem.com                      *
|       *                                                         *
|       ***********************************************************


|       ***********************************************************
|       *  Compiled by zuehlsdt     Fri May 16 10:21:23 PDT 2025  *
|       *  Supported architecture SMs: 75 80 86 89 90             *
|       *  Build cuda_11.8.r11.8/compiler.31833905_0              *
|       *  Git Version:                               *
|       ***********************************************************


| Job started   Sun Feb  8 18:39:59 2026
| On zuehlsdorff03 (available memory: 104401 MB)

| ######################################### RUNTIME INFO ##########################################
| /shared/zuehlsdorff/research_software/TeraChem/build/bin/terachem  tddft_rpa.in 

|  NVRM version: NVIDIA UNIX Open Kernel Module for x86_64  560.28.03  Release Build  (dvs-builder@U16-A24-27-4)  Thu Jul 18 20:46:24 UTC 2024
|  GCC version:  gcc version 8.5.0 20210514 (Red Hat 8.5.0-22) (GCC) 

|  	linux-vdso.so.1 (0x00007ffea8f6c000)
|  	libcurl.so.4 => /lib64/libcurl.so.4 (0x000014dc4a5be000)
|  	libz.so.1 => /lib64/libz.so.1 (0x000014dc4a3a6000)
|  	libimf.so => /opt/intel/oneapi/compiler/2023.2.1/linux/compiler/lib/intel64_lin/libimf.so (0x000014dc49fbc000)
|  	libm.so.6 => /lib64/libm.so.6 (0x000014dc49c3a000)
|  	libthcbox.so.1 => /shared/zuehlsdorff/research_software/TeraChem/build/lib/libthcbox.so.1 (0x000014dc47905000)
|  	libnvToolsExt.so.1 => /opt/ohpc/pub/apps/cuda/11.8/lib64/libnvToolsExt.so.1 (0x000014dc476fb000)
|  	libgpubox.so.1 => /shared/zuehlsdorff/research_software/TeraChem/build/lib/libgpubox.so.1 (0x000014dc474f3000)
|  	libcpubox.so.1 => /shared/zuehlsdorff/research_software/TeraChem/build/lib/libcpubox.so.1 (0x000014dc472ef000)
|  	libtensorbox.so.1 => /shared/zuehlsdorff/research_software/TeraChem/build/lib/libtensorbox.so.1 (0x000014dc470d4000)
|  	libiobox.so.1 => /shared/zuehlsdorff/research_software/TeraChem/build/lib/libiobox.so.1 (0x000014dc46ecf000)
|  	libintbox.so.1 => /shared/zuehlsdorff/research_software/TeraChem/build/lib/libintbox.so.1 (0x000014dbe0955000)
|  	libatmx2cbox.so.1 => /shared/zuehlsdorff/research_software/TeraChem/build/lib/libatmx2cbox.so.1 (0x000014dbe0698000)
|  	libperiodicbox.so.1 => /shared/zuehlsdorff/research_software/TeraChem/build/lib/libperiodicbox.so.1 (0x000014dbc2c62000)
|  	libsqmbox.so.1 => /shared/zuehlsdorff/research_software/TeraChem/build/lib/libsqmbox.so.1 (0x000014dbc26b6000)
|  	libgridbox.so.1 => /shared/zuehlsdorff/research_software/TeraChem/build/lib/libgridbox.so.1 (0x000014dbbfce1000)
|  	libdftbox.so.1 => /shared/zuehlsdorff/research_software/TeraChem/build/lib/libdftbox.so.1 (0x000014dbbf9e3000)
|  	libcibox.so.1 => /shared/zuehlsdorff/research_software/TeraChem/build/lib/libcibox.so.1 (0x000014dbbf169000)
|  	libccbox.so.1 => /shared/zuehlsdorff/research_software/TeraChem/build/lib/libccbox.so.1 (0x000014dbbeade000)
|  	libsimbox.so.1 => /shared/zuehlsdorff/research_software/TeraChem/build/lib/libsimbox.so.1 (0x000014dbbe8b9000)
|  	liboptbox.so.1 => /shared/zuehlsdorff/research_software/TeraChem/build/lib/liboptbox.so.1 (0x000014dbbe686000)
|  	libssl.so.1.1 => /lib64/libssl.so.1.1 (0x000014dbbe3f2000)
|  	libcrypto.so.1.1 => /lib64/libcrypto.so.1.1 (0x000014dbbdf07000)
|  	libpthread.so.0 => /lib64/libpthread.so.0 (0x000014dbbdce7000)
|  	libcuda.so.1 => /lib64/libcuda.so.1 (0x000014dbbbb68000)
|  	libcudart.so.11.0 => /opt/ohpc/pub/apps/cuda/11.8/lib64/libcudart.so.11.0 (0x000014dbbb8c1000)
|  	libcublas.so.11 => /opt/ohpc/pub/apps/cuda/11.8/lib64/libcublas.so.11 (0x000014dbb5c63000)
|  	libcufft.so.10 => /opt/ohpc/pub/apps/cuda/11.8/lib64/libcufft.so.10 (0x000014dba4d88000)
|  	libcusparse.so.11 => /opt/ohpc/pub/apps/cuda/11.8/lib64/libcusparse.so.11 (0x000014db94090000)
|  	libcusolver.so.11 => /opt/ohpc/pub/apps/cuda/11.8/lib64/libcusolver.so.11 (0x000014db81dd8000)
|  	libcublasLt.so.11 => /opt/ohpc/pub/apps/cuda/11.8/lib64/libcublasLt.so.11 (0x000014db5d852000)
|  	libsvml.so => /opt/intel/oneapi/compiler/2023.2.1/linux/compiler/lib/intel64_lin/libsvml.so (0x000014db5c223000)
|  	libirng.so => /opt/intel/oneapi/compiler/2023.2.1/linux/compiler/lib/intel64_lin/libirng.so (0x000014db5bf0c000)
|  	libstdc++.so.6 => /opt/ohpc/pub/compiler/gcc/9.4.0/lib64/libstdc++.so.6 (0x000014db5bb2c000)
|  	libiomp5.so => /opt/intel/oneapi/compiler/2023.2.1/linux/compiler/lib/intel64_lin/libiomp5.so (0x000014db5b6ea000)
|  	libcilkrts.so.5 => /opt/intel/oneapi/compiler/2023.2.1/linux/compiler/lib/intel64_lin/libcilkrts.so.5 (0x000014db5b4ad000)
|  	libgcc_s.so.1 => /opt/ohpc/pub/compiler/gcc/9.4.0/lib64/libgcc_s.so.1 (0x000014db5b295000)
|  	libintlc.so.5 => /opt/intel/oneapi/compiler/2023.2.1/linux/compiler/lib/intel64_lin/libintlc.so.5 (0x000014dc4a9e8000)
|  	libc.so.6 => /lib64/libc.so.6 (0x000014db5aebf000)
|  	/lib64/ld-linux-x86-64.so.2 (0x000014dc4a84d000)
|  	libdl.so.2 => /lib64/libdl.so.2 (0x000014db5acbb000)
|  	libnghttp2.so.14 => /lib64/libnghttp2.so.14 (0x000014db5aa94000)
|  	libidn2.so.0 => /lib64/libidn2.so.0 (0x000014db5a876000)
|  	libssh.so.4 => /lib64/libssh.so.4 (0x000014db5a606000)
|  	libpsl.so.5 => /lib64/libpsl.so.5 (0x000014db5a3f5000)
|  	libgssapi_krb5.so.2 => /lib64/libgssapi_krb5.so.2 (0x000014db5a1a0000)
|  	libkrb5.so.3 => /lib64/libkrb5.so.3 (0x000014db59eb5000)
|  	libk5crypto.so.3 => /lib64/libk5crypto.so.3 (0x000014db59c9e000)
|  	libcom_err.so.2 => /lib64/libcom_err.so.2 (0x000014db59a9a000)
|  	libldap-2.4.so.2 => /lib64/libldap-2.4.so.2 (0x000014db5984b000)
|  	liblber-2.4.so.2 => /lib64/liblber-2.4.so.2 (0x000014db5963b000)
|  	libbrotlidec.so.1 => /lib64/libbrotlidec.so.1 (0x000014db5942e000)
|  	librt.so.1 => /lib64/librt.so.1 (0x000014db59226000)
|  	libunistring.so.2 => /lib64/libunistring.so.2 (0x000014db58ea5000)
|  	libkrb5support.so.0 => /lib64/libkrb5support.so.0 (0x000014db58c94000)
|  	libkeyutils.so.1 => /lib64/libkeyutils.so.1 (0x000014db58a90000)
|  	libresolv.so.2 => /lib64/libresolv.so.2 (0x000014db58878000)
|  	libsasl2.so.3 => /lib64/libsasl2.so.3 (0x000014db5865a000)
|  	libbrotlicommon.so.1 => /lib64/libbrotlicommon.so.1 (0x000014db58439000)
|  	libselinux.so.1 => /lib64/libselinux.so.1 (0x000014db5820e000)
|  	libcrypt.so.1 => /lib64/libcrypt.so.1 (0x000014db57fe5000)
|  	libpcre2-8.so.0 => /lib64/libpcre2-8.so.0 (0x000014db57d61000)
| #################################################################################################

| Checking Amazon Cloud instance ID...   Not found
| Cannot find license.dat file /shared/zuehlsdorff/research_software/TeraChem/build/license.dat


| TRYING THE NETWORK LICENSE...
| Connecting to license server '54.208.252.40' port '8877'...
| Connected!
| Checking your license...

| **************************************************************
|  Greetings, Martinez Group! You have 1000 licenses in total
|  IN USE: 13
|  AVAILABLE: 987
| **************************************************************

-----------------------------------
Processed Input file:
                    basis 6-31+g*
                   method camb3lyp
                   charge 0
                 spinmult 1
                    maxit 55
                      run energy
                      rpa yes
             cisnumstates 2
             cisguessvecs 3
               cismaxiter 50
                  threall 1.0e-14
                 convthre 1.0e-5
                 safemode no
              coordinates snapshot.xyz
             pointcharges ptcharges.xyz
-----------------------------------
Jobname: snapshot
Scratch data will be generated
Scratch directory: ./scr.snapshot
| Random number seed: 1374129797

XYZ coordinates snapshot.xyz
Molden File Output: ./scr.snapshot/snapshot.molden
Using basis set: 6-31+gs
dmrgstart not found
Spin multiplicity: 1
DIIS will use up to 10 vectors.
Condition number limit for the DIIS overlap matrix is            0
WF convergence threshold: 1.00e-05
Using DIIS algorithm to converge WF
Maximum number of SCF iterations: 55
Incremental fock with rebuild every 8 iterations
Will switch to conventional Fock if diffuse functions are detected
X-matrix tolerance: 1.00e-04
PRECISION: DYNAMIC
TeraChem will select linear algebra engine
DFT Functional requested: camb3lyp
Method: CAM-B3LYP 
  Slater exchange functional:           0.35 
  Full range Becke 1988 exchange:       0.35 
  Full range Hartree-Fock exchange:     0.19 
  SR Becke 1988 exchange functional:    0.46 
  LR Hartree-Fock exchange:             0.46 
  Range Correction Scaling:             0.330 a.u. 
  Lee-Yang-Parr correlation functional: 0.81 
  VWN(V) correlation functional:        0.19 
Wavefunction: RESTRICTED
DFT grid type: 1
Using dynamic DFT grids.
Initial guess generated by maximum overlap
point charges coordinates file: ptcharges.xyz
point charges self interaction: active


********************************************
***** SINGLE POINT ENERGY CALCULATIONS *****
********************************************
*************WARNING***************
Unrecognized or unnecessary keywords:
These are being ignored.
   safemode no
***********************************
Starting TensorBox...
| TeraChem will select linear algebra engine
| Using cuSolver for matrix diagonalization

| using 1 out of 1 CUDA devices
|   Device 0: NVIDIA GeForce RTX 3080,  9906MB, CC 8.6 -- CPU THREAD 0
| -------------------------------------------------------------------
| CPU Memory Available: 24008.00 MegaWords 
| GPU Memory Available: 982.25 MegaWords 
| Maximum recommended basis set size: 11200 basis functions
|  (limited by GPU memory)
| -------------------------------------------------------------------
| Initialize GPUBox with 128 MW of memory

************************************* WARNING *************************************
 10 out of 309 eigenvalues of the overlap matrix are smaller than xtol = 1.0e-04
 and will be flushed to zero. In many cases this is caused by bad geometry of the
 molecule, Cartesian basis sets, or the use of diffuse basis functions. 
 Try using a spherical basis representation 'sphericalbasis yes'. If the SCF procedure does not
 converge, increase the threshold by setting 'xtol' to 1.0e-03 or 1.0e-02 and/or
 decrease the coulomb and exchange integral screening thresholds 'threall' 
 up to 1.0e-15 or 1.0e-16. In addition, you can try to loosen the the WF 
 convergence threshold, perform several geometry optimization steps, and run the 
 calculations again with the new geometry. You can also try to switch to double
 precision instead of mixed (default) or single precision.
***********************************************************************************



Basis set:       6-31+gs
Total atoms:     27
Total charge:    0
Total electrons: 108 (54-alpha, 54-beta)
Number electrons modeled by ECPs: 0
Total orbitals:  309
Total AO shells: 144 (84 S-shells; 45 P-shells; 15 D-shells; 0 F-shells; 0 G-shells)
Spin multiplicity: 1
Nuclear repulsion energy (QM atoms): 981.033298158324 a.u.

Number of MM point charges: 8517
Total charge from MM point charges: 0.00 e
MM Atom 0: charge = -0.834 e, xyz = (24.96328030, 24.11290360, 34.54041160) Bohr
MM Atom 1: charge = 0.417 e, xyz = (26.34466999, 24.84422756, 35.43803145) Bohr
MM Atom 2: charge = 0.417 e, xyz = (24.76674880, 25.14658372, 33.03807944) Bohr
   ...
MM Atom 8514: charge = -0.834 e, xyz = (-24.92170633, -16.84123800, -11.35914291) Bohr
MM Atom 8515: charge = 0.417 e, xyz = (-25.64925083, -15.47496611, -12.38337440) Bohr
MM Atom 8516: charge = 0.417 e, xyz = (-26.47317136, -17.74263730, -10.99820525) Bohr


**********************************************************
*** WARNING! USING DEFAULT VDW PARAMETERS FOR QM ATOMS ***
**********************************************************
   TYPE       SIGMA       EPSILON
     O      1.770000      0.152100
     O      1.770000      0.152100
     N      1.850000      0.200000
     N      1.850000      0.200000
     C      2.060000      0.080000
     C      2.060000      0.080000
     C      2.060000      0.080000
     C      2.060000      0.080000
     C      2.060000      0.080000
     C      2.060000      0.080000
     C      2.060000      0.080000
     C      2.060000      0.080000
     C      2.060000      0.080000
     C      2.060000      0.080000
     C      2.060000      0.080000
     H      1.320000      0.022000
     H      1.320000      0.022000
     H      1.320000      0.022000
     H      1.320000      0.022000
     H      1.320000      0.022000
     H      1.320000      0.022000
     H      1.320000      0.022000
     H      1.320000      0.022000
     H      1.320000      0.022000
     H      1.320000      0.022000
     H      1.320000      0.022000
     H      1.320000      0.022000

************************************* WARNING *************************************
 10 out of 309 eigenvalues of the overlap matrix are smaller than xtol = 1.0e-04
 and will be flushed to zero. In many cases this is caused by bad geometry of the
 molecule, Cartesian basis sets, or the use of diffuse basis functions. 
 Try using a spherical basis representation 'sphericalbasis yes'. If the SCF procedure does not
 converge, increase the threshold by setting 'xtol' to 1.0e-03 or 1.0e-02 and/or
 decrease the coulomb and exchange integral screening thresholds 'threall' 
 up to 1.0e-15 or 1.0e-16. In addition, you can try to loosen the the WF 
 convergence threshold, perform several geometry optimization steps, and run the 
 calculations again with the new geometry. You can also try to switch to double
 precision instead of mixed (default) or single precision.
***********************************************************************************

Setting up the DFT grid...
| time to set the grid = 0.01 s
DFT grid points: 27405 (1015 points/atom)
Setting up the DFT grid...
| time to set the grid = 0.02 s
DFT grid points: 76056 (2816 points/atom)

                      *** Start SCF Iterations ***

 Iter     DIIS Error       Energy change      Electrons        XC Energy           Energy        Time(s)
----------------------------------------------------------------------------------------------------------
| Purifying guess...
| Trace of guess 107.99999766, trace of guess*guess 107.99999532,  electron number 108.00000000 
| Guess is well-conditioned: purify...
| Purification run on GPU (double precision)  using TC2 purification.
| Density matrix purification finished after a total of 0 matrix multiplies
| THRESPDP set to 1.00e+00
|                 >>> SWITCHING TO GRID 1 <<<
|    1     0.3846459911   -1629.7872767947   108.0026803411   -65.4095385066   -1629.7872767947     0.48  
|                 >>> SWITCHING TO GRID 0 <<<
|    2     0.2286869547      -3.3762524644   107.9966325193   -71.4467755013   -1633.1635292592     0.32  
|    3     0.1284234040      -3.6596865465   107.9949104602   -69.5318556826   -1636.8232158056     0.32  
|    4     0.0565111367      -0.4480309466   107.9953132347   -68.8713219834   -1637.2712467523     0.32  
|    5     0.0071433279      -0.0948898102   107.9952138223   -69.0902097247   -1637.3661365624     0.32  
|    6     0.0036929564      -0.0025803618   107.9953806545   -69.1075109591   -1637.3687169242     0.31  
|                 >>> SWITCHING TO GRID 1 <<<
|    7     0.0008949639      -0.0008094015   107.9989473463   -69.0994735509   -1637.3695263258     0.40  
| THRESPDP set to 1.91e-04
|    8     0.0004431577      +0.0000004321   107.9989502138   -69.1025647981   -1637.3695258936     0.89  
|    9     0.0002195610      -0.0000122215   107.9989499214   -69.1025242418   -1637.3695381151     0.67  
|   10     0.0000635587      -0.0000019362   107.9989501895   -69.1022519229   -1637.3695400513     0.66  
|   11     0.0000361987      -0.0000005468   107.9989502493   -69.1023625150   -1637.3695405982     0.89  
|   12     0.0000133989      -0.0000000476   107.9989502871   -69.1023341778   -1637.3695406458     0.89  
|   13     0.0000073788      +0.0000000014   107.9989503141   -69.1023375776   -1637.3695406444     0.89  
----------------------------------------------------------------------------------------------------------
FINAL ENERGY: -1637.3695406444 a.u.
HOMO-LUMO GAP: 7.343 eV
CENTER OF MASS: {0.276820, -0.163318, 0.298894} ANGS
QM  DIPOLE MOMENT: {-0.101295, 2.741338, 4.125309} (|D| = 4.954127) DEBYE
MM  DIPOLE MOMENT: {-51.245517, 51.005163, -24.385936} (|D| = 76.304020) DEBYE
TOT DIPOLE MOMENT: {-51.346812, 53.746501, -20.260626} (|D| = 77.043328) DEBYE
Writing out molden info

Running Mulliken population analysis...

 Generating 2nd functional diffs

  Restricted TDDFT (RPA) Parameters
--------------------------------------------
Number of occupied orbitals:            54
Number of virtual orbitals:            245
Number of molecular orbitals:          299
Number of basis functions:             309
Multiplicity of target state:      singlet

  Nonsymmetric Davidson Diagonalization Parameters
----------------------------------------------------
Number of roots to find:                    2
Number of guess vectors:                    3
Maximum subspace size:                     20
Number of vectors to save:                  2
Collapse vectors per root:                  2
Number of excitations:                  26460
Maximum Davidson iterations:               50
Residual convergence:                 1.0e-04
Orthogonality tolerance:              1.0e-12
Reorthogonalization rate:                   8

     Davidson Dynamic Precision Parameters
-----------------------------------------------
SP Residual convergence:              1.0e-04
Sigma vector THRESPDP:                1.9e-04

Davidson memory usage:  10.01 MB

Guess Vectors:
  54 ->  55 : D -> V :     0.269853
  53 ->  55 : D -> V :     0.298767
  54 ->  56 : D -> V :     0.300749

  Root           Eigenvalue       Energy Change        Residual
-------------------------------------------------------------------
Iteration:    0   Subspace Size:    3
Root: 1:         0.20072445         0.20072445         0.17641621  
Root: 2:         0.20657717         0.20657717         0.15077103  

Iteration:    1   Subspace Size:    5
Root: 1:         0.17374255        -0.02698190         0.04708619  
Root: 2:         0.18971374        -0.01686343         0.06177412  

Iteration:    2   Subspace Size:    7
Root: 1:         0.17113890        -0.00260365         0.02491886  
Root: 2:         0.18450637        -0.00520737         0.03861718  

Iteration:    3   Subspace Size:    9
Root: 1:         0.17043316        -0.00070574         0.01206664  
Root: 2:         0.18252331        -0.00198306         0.02405639  

Iteration:    4   Subspace Size:   11
Root: 1:         0.17030088        -0.00013228         0.00566641  
Root: 2:         0.18198119        -0.00054212         0.01413843  

Iteration:    5   Subspace Size:   13
Root: 1:         0.17027226        -0.00002862         0.00267370  
Root: 2:         0.18178441        -0.00019677         0.00594365  

Iteration:    6   Subspace Size:   15
Root: 1:         0.17026296        -0.00000930         0.00122558  
Root: 2:         0.18174308        -0.00004133         0.00348577  

Iteration:    7   Subspace Size:   17
Root: 1:         0.17026152        -0.00000144         0.00059504  
Root: 2:         0.18173153        -0.00001155         0.00167190  

Iteration:    8   Subspace Size:   19
Collapsing subspace to 4 vectors
Rebuilding sigma vectors

Iteration:    9   Subspace Size:    4
Root: 1:         0.17026120        -0.00000000         0.00029748  
Root: 2:         0.18172767        -0.00000002         0.00097858  

Iteration:   10   Subspace Size:    6
Root: 1:         0.17026113        -0.00000007         0.00013784  
Root: 2:         0.18172693        -0.00000074         0.00043879  

Iteration:   11   Subspace Size:    8
Root: 1:         0.17026111        -0.00000002         0.00009319  Converged
Root: 2:         0.18172662        -0.00000031         0.00030536  

Iteration:   12   Subspace Size:    9
Root: 1:         0.17026111        -0.00000000         0.00007600  Converged
Root: 2:         0.18172654        -0.00000008         0.00016538  

Iteration:   13   Subspace Size:   10
Root: 1:         0.17026111        -0.00000000         0.00007177  Converged
Root: 2:         0.18172652        -0.00000002         0.00007353  Converged

Davidson has converged in single precision
Collapsing subspace to 2 vectors
Rebuilding sigma vectors in mixed precision

Iteration:   14   Subspace Size:    2
Root: 1:         0.17026110        -0.00000000         0.00007178  Converged
Root: 2:         0.18172652         0.00000000         0.00007354  Converged

Davidson converged in 14 iterations
31 sigma vectors were formed
25 sigma vectors were formed in single precision
2 sigma vectors were formed in mixed precision

  Root   Total Energy (a.u.)   Ex. Energy (a.u.)     Ex. Energy (eV)     Ex. Energy (nm)
-----------------------------------------------------------------------------------------
     1      -1637.19927954          0.17026110          4.63303962        267.60880710
     2      -1637.18781413          0.18172652          4.94502929        250.72494702

Unrelaxed excited state dipole moments:

  Root       Dx         Dy         Dz         |D|  (Debye)
------------------------------------------------------------
     1     2.3469     4.7137     4.6427     7.0201
     2     0.6523     3.9312     4.9361     6.3439

Transition dipole moments:

  Root       Tx         Ty         Tz         |T| (a.u.)
----------------------------------------------------------
     1    -0.2235     0.6079     0.4923     0.8136
     2     0.1855     0.3570     0.0079     0.4024

Root 1: Largest CI coefficients:
  54 ->  55 : X (D -> V) :   0.943716     Y (D <- V) :  -0.038632
  53 ->  55 : X (D -> V) :   0.192903     Y (D <- V) :   0.003673
  53 ->  58 : X (D -> V) :   0.142826     Y (D <- V) :   0.032595

Root 2: Largest CI coefficients:
  53 ->  55 : X (D -> V) :  -0.744038     Y (D <- V) :  -0.010893
  54 ->  58 : X (D -> V) :   0.408033     Y (D <- V) :   0.024392
  54 ->  56 : X (D -> V) :   0.378088     Y (D <- V) :   0.019607
  54 ->  55 : X (D -> V) :   0.205864     Y (D <- V) :  -0.011414
  54 ->  61 : X (D -> V) :   0.133610     Y (D <- V) :   0.010633
  54 ->  60 : X (D -> V) :  -0.126760     Y (D <- V) :  -0.008710

  Final Excited State Results:

  Root   Total Energy (a.u.)   Ex. Energy (eV)   Osc. (a.u.)   Max CI Coeff.      Excitation
------------------------------------------------------------------------------------------------------
     1       -1637.19927954        4.63303962       0.0751        0.943716     54 ->  55 : X (D -> V)
     2       -1637.18781413        4.94502929       0.0196       -0.744038     53 ->  55 : X (D -> V)

Printing MM field on QM atoms:
        0.00000000000000         0.00000000000000         0.00000000000000
        0.00000000000000         0.00000000000000         0.00000000000000
        0.00000000000000         0.00000000000000         0.00000000000000
        0.00000000000000         0.00000000000000         0.00000000000000
        0.00000000000000         0.00000000000000         0.00000000000000
        0.00000000000000         0.00000000000000         0.00000000000000
        0.00000000000000         0.00000000000000         0.00000000000000
        0.00000000000000         0.00000000000000         0.00000000000000
        0.00000000000000         0.00000000000000         0.00000000000000
        0.00000000000000         0.00000000000000         0.00000000000000
        0.00000000000000         0.00000000000000         0.00000000000000
        0.00000000000000         0.00000000000000         0.00000000000000
        0.00000000000000         0.00000000000000         0.00000000000000
        0.00000000000000         0.00000000000000         0.00000000000000
        0.00000000000000         0.00000000000000         0.00000000000000
        0.00000000000000         0.00000000000000         0.00000000000000
        0.00000000000000         0.00000000000000         0.00000000000000
        0.00000000000000         0.00000000000000         0.00000000000000
        0.00000000000000         0.00000000000000         0.00000000000000
        0.00000000000000         0.00000000000000         0.00000000000000
        0.00000000000000         0.00000000000000         0.00000000000000
        0.00000000000000         0.00000000000000         0.00000000000000
        0.00000000000000         0.00000000000000         0.00000000000000
        0.00000000000000         0.00000000000000         0.00000000000000
        0.00000000000000         0.00000000000000         0.00000000000000
        0.00000000000000         0.00000000000000         0.00000000000000
        0.00000000000000         0.00000000000000         0.00000000000000
| Total processing time: 49.68 sec 

| Job finished: Sun Feb  8 18:40:52 2026

